// Jest Snapshot v1, https://goo.gl/fbAQLP

exports[`renders correctly with no props 1`] = `
<div>
  <p
    class="text-xs"
    role="status"
  >
    Your search returned
     
    <span
      class="font-bold"
    >
      0
    </span>
     results
  </p>
</div>
`;
